기준선: 현행 8.4788 · 이상적 하한 2.4924 · 제거가능 폭 5.9865 · 현행 평정점 SD 9.544 (반복 400)

안                                            지표2     제거율    rho    부서%    규모격차    평정점SD
현행 (기준선 0%)                                8.479    0.0%  0.409    4.4   -1.47     9.54
정본 개선 원안 blom (대조)                         7.040   24.0%  0.647    4.0    1.70     9.54
정본 개선+제7호±5 (대조)                           6.968   25.2%  0.654    3.9    1.65     9.54
  ── 후보 2 · 순위 제출안
후보2 순위제출 (동점금지)                            7.057   23.7%  0.645    3.9    1.78     9.54
후보2 순위제출 + 제7호±5                           6.988   24.9%  0.652    3.8    1.61     9.54
후보2 순위제출 + 동점허용(균등형 전원동점)                  9.001   -8.7%  0.236    3.7   -5.76     9.54
  ── 후보 1 · 사후 평균·표준편차 보정 (계획만) · 해상도 가정별
후보1 사후z보정 · 제출점수 무제약                       6.957   25.4%  0.656    4.0   -0.29     9.54
후보1 사후z보정 · 제출점수 0.5점 단위                   6.965   25.3%  0.655    4.0   -0.24     9.54
후보1 사후z보정 · 제출점수 1점 단위                     6.984   25.0%  0.653    4.0   -0.31     9.54
후보1 사후z보정 · 제출점수 2점 단위                     7.066   23.6%  0.643    4.0   -0.44     9.54
  ── 같은 해상도 조건에서 후보 2 (동점→강제서열)
후보2 순위 · 제출 무제약 · 서열정보 있음                  7.018   24.4%  0.650    4.0    1.83     9.54
후보2 순위 · 제출 0.5점 단위 · 서열정보 있음              7.018   24.4%  0.650    4.0    1.83     9.54
후보2 순위 · 제출 1점 단위 · 서열정보 있음                7.018   24.4%  0.650    4.0    1.83     9.54
후보2 순위 · 제출 2점 단위 · 서열정보 있음                7.018   24.4%  0.650    4.0    1.83     9.54
후보2 순위 · 제출 1점 단위 · 동점 무작위                 7.118   22.7%  0.637    4.1    1.19     9.54
후보2 순위 · 제출 2점 단위 · 동점 무작위                 7.266   20.3%  0.618    4.0    1.22     9.54
  ── 후보 5 · 절대평가 (등급 강제배분 폐지)
후보5 절대평가 (현행 산식 유지)                        8.531   -0.9%  0.419    3.1   -1.29     9.54
후보5+후보2 절대평가+순위제출                          6.885   26.6%  0.664    3.5    2.24     9.54
이상적 하한 (100%)                              2.492  100.0%  0.970    0.9   -0.07     9.54
