기준선: 현행 8.4788 · 하한 2.4924 (반복 400)

안                                                    지표2     제거율    rho    부서%    규모격차
현행                                                 8.479    0.0%  0.409    4.4   -1.47
  ── (ㄱ) 순위 제출을 누구에게 적용하는가 (1차:2차=60:40 고정)
  1차(부서장)만 순위 제출                                   7.702   13.0%  0.557    4.7    0.46
  2차(본부장)만 순위 제출                                   8.049    7.2%  0.498    3.7    0.71
  1·2차 모두 순위 제출                                    7.057   23.7%  0.645    3.9    1.78
  ── (ㄴ) [별표 2] 1차:2차 반영비율만 변경 (현행 산식 유지 · 별표 1건)
  현행 산식 · 1차 60:40                                 8.479    0.0%  0.409    4.4   -1.47
  현행 산식 · 1차 70:30                                 8.468    0.2%  0.413    4.2   -0.69
  현행 산식 · 1차 80:20                                 8.440    0.7%  0.421    4.2    0.16
  현행 산식 · 1차 90:10                                 8.408    1.2%  0.428    4.7    1.14
  현행 산식 · 1차 100:0                                 8.440    0.7%  0.421    5.2    2.14
  ── (ㄷ) 순위 제출 + 반영비율 (조문 1 + 별표 2건)
  1·2차 순위제출 · 1차 60:40                             7.057   23.7%  0.645    3.9    1.78
  1·2차 순위제출 · 1차 70:30                             7.112   22.8%  0.637    3.7    2.18
  1·2차 순위제출 · 1차 80:20                             7.230   20.9%  0.621    3.7    2.52
  1·2차 순위제출 · 1차 90:10                             7.390   18.2%  0.599    3.7    2.88
  1·2차 순위제출 · 1차 100:0                             7.565   15.3%  0.573    3.8    3.29
  ── (ㄹ) 순위 제출 + 제7호 ±5점 + 반영비율
  순위제출+±5 · 1차 60:40                               6.988   24.9%  0.652    3.8    1.61
  순위제출+±5 · 1차 80:20                               7.180   21.7%  0.625    3.8    2.30
  순위제출+±5 · 1차 100:0                               7.429   17.5%  0.591    4.0    2.82
  ── (ㅁ) 1차만 순위제출 + 반영비율 (2차 현행 유지)
  1차만 순위제출 · 1차 60:40                              7.702   13.0%  0.557    4.7    0.46
  1차만 순위제출 · 1차 80:20                              7.491   16.5%  0.585    3.9    2.66
  1차만 순위제출 · 1차 100:0                              7.516   16.1%  0.579    3.9    4.37
이상적 하한                                             2.492  100.0%  0.970    0.9   -0.07
