기준선: 현행 8.4788 (0%) · 하한 2.4924 (100%) · 반복 400

평가군 규모별 부여점수 (1위 / 최하위 / 부여폭)
   n     원안 1위    원안 폭       정규화 1위    정규화 폭
   3     86.09   12.17        88.57    17.15
   4     87.34   14.69        89.52    19.04
   6     88.97   17.94        90.73    21.46
  10     90.83   21.65        92.14    24.27
  16     92.38   24.76        93.36    26.72

안                                            지표2     제거율    rho    부서%    규모격차
현행                                         8.479    0.0%  0.409    4.4   -1.47
[별표9] 원안 (순위→Blom)                         7.040   24.0%  0.647    4.0    1.70
[별표9] 원안 + ±5                              6.968   25.2%  0.654    3.9    1.65
★ 부여폭 정규화 (z÷s_n)                          7.040   24.0%  0.646    4.0    0.06
★ 부여폭 정규화 + ±5                             6.980   25.0%  0.653    3.9    0.39
  ── 합성조직 240명 (규모 3~16 균형) 에서 규모격차 재확인
  원안 · 합성조직                                7.270   20.2%  0.623    4.5    2.15
  정규화 · 합성조직                               7.269   20.2%  0.623    4.4    1.08
  ── 부서 간 실제 실력격차 ±0.6σ 조건
  원안 · 격차 0.6                              7.380   18.4%  0.599    7.5    1.73
  정규화 · 격차 0.6                             7.396   18.1%  0.596    7.5    0.16
이상적 하한                                     2.492  100.0%  0.970    0.9   -0.07
